<?xml version="1.0" encoding="UTF-8"?>
<TestRun id="aeb4527f-8570-49e9-9ae6-6174c30adf16" name="Firsov@REZV 2018-03-20 11:45:32" runUser="Rezv\Firsov" xmlns="http://microsoft.com/schemas/VisualStudio/TeamTest/2010">
  <TestSettings name="Local" id="68e79b05-2663-4f46-8737-f155e3390c1f">
    <Description>These are default test settings for a local test run.</Description>
    <Deployment enabled="false" runDeploymentRoot="Firsov_REZV 2018-03-20 11_45_32">
      <DeploymentItem filename="C:\Users\Firsov\Documents\Visual Studio 2010\Projects\SipClient\SipClient\bin\Debug\SipClient.exe" />
    </Deployment>
    <Execution>
      <TestTypeSpecific />
      <AgentRule name="Execution Agents">
      </AgentRule>
    </Execution>
  </TestSettings>
  <Times creation="2018-03-20T11:45:32.3305003+04:00" queuing="2018-03-20T11:45:32.4555003+04:00" start="2018-03-20T11:45:32.5285003+04:00" finish="2018-03-20T11:45:32.7455003+04:00" />
  <ResultSummary outcome="Completed">
    <Counters total="1" executed="1" passed="1" error="0" failed="0" timeout="0" aborted="0" inconclusive="0" passedButRunAborted="0" notRunnable="0" notExecuted="0" disconnected="0" warning="0" completed="0" inProgress="0" pending="0" />
  </ResultSummary>
  <TestDefinitions>
    <UnitTest name="TestMethod1" storage="c:\users\firsov\documents\visual studio 2010\projects\sipclient\sipclienttesting\bin\x86\debug\sipclienttesting.dll" id="fe826acc-2d0b-7a91-79b1-87a1f4cdf3a9">
      <Execution id="72d84a55-bd96-4d2a-8280-cf95cdd2601a" />
      <TestMethod codeBase="C:/Users/Firsov/Documents/Visual Studio 2010/Projects/SipClient/SipClientTesting/bin/x86/Debug/SipClientTesting.DLL" adapterTypeName="Microsoft.VisualStudio.TestTools.TestTypes.Unit.UnitTestAdapter, Microsoft.VisualStudio.QualityTools.Tips.UnitTest.Adapter, Version=10.0.0.0, Culture=neutral, PublicKeyToken=b03f5f7f11d50a3a" className="SipClientTesting.UnitTest1, SipClientTesting, Version=1.0.0.0, Culture=neutral, PublicKeyToken=null" name="TestMethod1" />
    </UnitTest>
  </TestDefinitions>
  <TestLists>
    <TestList name="Results Not in a List" id="8c84fa94-04c1-424b-9868-57a2d4851a1d" />
    <TestList name="All Loaded Results" id="19431567-8539-422a-85d7-44ee4e166bda" />
  </TestLists>
  <TestEntries>
    <TestEntry testId="fe826acc-2d0b-7a91-79b1-87a1f4cdf3a9" executionId="72d84a55-bd96-4d2a-8280-cf95cdd2601a" testListId="8c84fa94-04c1-424b-9868-57a2d4851a1d" />
  </TestEntries>
  <Results>
    <UnitTestResult executionId="72d84a55-bd96-4d2a-8280-cf95cdd2601a" testId="fe826acc-2d0b-7a91-79b1-87a1f4cdf3a9" testName="TestMethod1" computerName="REZV" duration="00:00:00.0101526" startTime="2018-03-20T11:45:32.5415003+04:00" endTime="2018-03-20T11:45:32.7275003+04:00" testType="13cdc9d9-ddb5-4fa4-a97d-d965ccfc6d4b" outcome="Passed" testListId="8c84fa94-04c1-424b-9868-57a2d4851a1d" relativeResultsDirectory="72d84a55-bd96-4d2a-8280-cf95cdd2601a">
    </UnitTestResult>
  </Results>
</TestRun>